// Jest Snapshot v1, https://goo.gl/fbAQLP

exports[`MenuDropdownModal component should to match snapshot 1`] = `
.c0 {
  display: none;
  background-color: rgba(0,0,0,0.7);
  width: 100%;
  height: 100vh;
}

.c1 {
  height: 80%;
  width: 80%;
  background-color: #FFFFFF;
  -webkit-transform: translateY(-7%);
  -ms-transform: translateY(-7%);
  transform: translateY(-7%);
  overflow-y: auto;
  display: -webkit-box;
  display: -webkit-flex;
  display: -ms-flexbox;
  display: flex;
  -webkit-flex-direction: column;
  -ms-flex-direction: column;
  flex-direction: column;
}

.c1 h2 {
  margin: 2rem 0;
  padding: 1.6rem;
}

.c3 {
  margin-bottom: 1.6rem;
  display: -webkit-box;
  display: -webkit-flex;
  display: -ms-flexbox;
  display: flex;
  -webkit-align-items: center;
  -webkit-box-align: center;
  -ms-flex-align: center;
  align-items: center;
  -webkit-box-pack: center;
  -webkit-justify-content: center;
  -ms-flex-pack: center;
  justify-content: center;
  gap: 1rem;
  border-radius: 0 100px 100px 0;
  width: 90%;
  padding: 15px 24px;
  background-color: transparent;
}

.c3 svg {
  font-size: 3rem;
  -webkit-transform: translateY(8%);
  -ms-transform: translateY(8%);
  transform: translateY(8%);
}

.c3 span {
  font-size: 1.7rem;
  font-weight: bold;
  color: gray;
}

.c2 {
  margin-bottom: 1.6rem;
  display: -webkit-box;
  display: -webkit-flex;
  display: -ms-flexbox;
  display: flex;
  -webkit-align-items: center;
  -webkit-box-align: center;
  -ms-flex-align: center;
  align-items: center;
  -webkit-box-pack: center;
  -webkit-justify-content: center;
  -ms-flex-pack: center;
  justify-content: center;
  gap: 1rem;
  border-radius: 0 100px 100px 0;
  width: 90%;
  padding: 15px 24px;
  background-color: transparent;
  background-color: #827FD3;
  -webkit-transition: all 300ms ease-in-out;
  transition: all 300ms ease-in-out;
}

.c2 svg {
  font-size: 3rem;
  -webkit-transform: translateY(8%);
  -ms-transform: translateY(8%);
  transform: translateY(8%);
}

.c2 span {
  font-size: 1.7rem;
  font-weight: bold;
  color: gray;
}

.c2 span {
  color: #FFFFFF;
}

@media (max-width:780px) {
  .c0 {
    display: -webkit-box;
    display: -webkit-flex;
    display: -ms-flexbox;
    display: flex;
    -webkit-box-pack: center;
    -webkit-justify-content: center;
    -ms-flex-pack: center;
    justify-content: center;
    -webkit-align-items: center;
    -webkit-box-align: center;
    -ms-flex-align: center;
    align-items: center;
    opacity: 0;
    -webkit-animation: showMenu 300ms ease-in-out;
    animation: showMenu 300ms ease-in-out;
    opacity: 1;
  }
}

<div
  aria-label="Menu"
  class="c0"
>
  <ul
    class="c1"
  >
    <h2>
      Todos os quadros (
      2
      )
    </h2>
    <li
      aria-label="Link"
      class="c2"
    >
      <svg
        fill="currentColor"
        height="1em"
        stroke="currentColor"
        stroke-width="0"
        viewBox="0 0 24 24"
        width="1em"
        xmlns="http://www.w3.org/2000/svg"
      >
        <path
          d="M0 0h24v24H0z"
          fill="none"
        />
        <path
          d="M19 3H5c-1.1 0-2 .9-2 2v14c0 1.1.9 2 2 2h14c1.1 0 2-.9 2-2V5c0-1.1-.9-2-2-2zM5 19V5h6v14H5zm14 0h-6v-7h6v7zm0-9h-6V5h6v5z"
        />
      </svg>
       
      <span>
        Board 1
      </span>
    </li>
    <li
      aria-label="Link"
      class="c3"
    >
      <svg
        fill="currentColor"
        height="1em"
        stroke="currentColor"
        stroke-width="0"
        viewBox="0 0 24 24"
        width="1em"
        xmlns="http://www.w3.org/2000/svg"
      >
        <path
          d="M0 0h24v24H0z"
          fill="none"
        />
        <path
          d="M19 3H5c-1.1 0-2 .9-2 2v14c0 1.1.9 2 2 2h14c1.1 0 2-.9 2-2V5c0-1.1-.9-2-2-2zM5 19V5h6v14H5zm14 0h-6v-7h6v7zm0-9h-6V5h6v5z"
        />
      </svg>
       
      <span>
        Board 2
      </span>
    </li>
  </ul>
</div>
`;
