// Jest Snapshot v1, https://goo.gl/fbAQLP

exports[`<MessageError /> should create to Match Snapshot 1`] = `
.c0 {
  position: fixed;
  z-index: 3;
  background-color: #ad081b;
  width: 40rem;
  display: -webkit-box;
  display: -webkit-flex;
  display: -ms-flexbox;
  display: flex;
  -webkit-align-items: center;
  -webkit-box-align: center;
  -ms-flex-align: center;
  align-items: center;
  gap: 2rem;
  padding: 1.6rem;
  border-radius: 1.6rem;
  opacity: 0;
  -webkit-transition: all 300ms ease-in-out;
  transition: all 300ms ease-in-out;
  -webkit-animation: hidenShowMessageError 1s ease-in-out;
  animation: hidenShowMessageError 1s ease-in-out;
}

.c0 span {
  position: relative;
  display: -webkit-box;
  display: -webkit-flex;
  display: -ms-flexbox;
  display: flex;
  height: 100%;
  -webkit-align-items: center;
  -webkit-box-align: center;
  -ms-flex-align: center;
  align-items: center;
}

.c0 span::before {
  content: '';
  position: absolute;
  right: -50%;
  width: 0.2rem;
  height: 4rem;
  border-radius: 0.5rem;
  background-color: #d9bf6c;
}

.c0 span svg {
  color: #F4F7FD;
}

@media (max-width:1500px) and (min-width:951px) {
  .c0 {
    top: 10%;
  }
}

@media (max-width:950px) and (min-width:781px) {
  .c0 {
    top: 10%;
    height: 17rem;
    width: 90%;
    font-size: 3.5rem;
  }
}

@media (max-width:780px) {
  .c0 {
    top: 10%;
    width: 81%;
  }
}

<div
  aria-label="Message Error"
  class="c0"
>
   
  <span>
    <svg
      fill="currentColor"
      height="1em"
      stroke="currentColor"
      stroke-width="0"
      viewBox="0 0 1024 1024"
      width="1em"
      xmlns="http://www.w3.org/2000/svg"
    >
      <path
        d="M512 64C264.6 64 64 264.6 64 512s200.6 448 448 448 448-200.6 448-448S759.4 64 512 64zm32 664c0 4.4-3.6 8-8 8h-48c-4.4 0-8-3.6-8-8V456c0-4.4 3.6-8 8-8h48c4.4 0 8 3.6 8 8v272zm-32-344a48.01 48.01 0 0 1 0-96 48.01 48.01 0 0 1 0 96z"
      />
    </svg>
  </span>
   
  <span
    aria-label="Message"
  >
    Test Error
  </span>
</div>
`;
