// Jest Snapshot v1, https://goo.gl/fbAQLP

exports[`<Inpult /> should to match snapshot 1`] = `
.c1 {
  width: 80%;
  padding: 1.6rem;
  border: none;
  background-color: #FFFFFF;
  background-color: red;
  outline: none;
  line-height: 1.2;
  font-size: 1.7rem;
}

.c0 {
  width: 50%;
  display: -webkit-box;
  display: -webkit-flex;
  display: -ms-flexbox;
  display: flex;
  padding: 0 1.6rem;
  border: none;
  background-color: #FFFFFF;
  gap: 0.5rem;
  box-shadow: 1rem 1rem 1.6rem #F4F7FD;
  border-radius: 0.9rem;
  -webkit-box-pack: justify;
  -webkit-justify-content: space-between;
  -ms-flex-pack: justify;
  justify-content: space-between;
  -webkit-align-items: center;
  -webkit-box-align: center;
  -ms-flex-align: center;
  align-items: center;
  line-height: 1.2;
  -webkit-transition: all 300ms ease-in;
  transition: all 300ms ease-in;
}

.c0 svg {
  font-size: 2.6rem;
}

<label
  aria-label="Label conteiner"
  class="c0"
  for="text"
>
  <input
    class="c1"
    id="text"
    placeholder="text"
    type="text"
    value="aaa"
  />
  <svg
    fill="currentColor"
    height="1em"
    stroke="currentColor"
    stroke-width="0"
    viewBox="0 0 24 24"
    width="1em"
    xmlns="http://www.w3.org/2000/svg"
  >
    <path
      d="M0 0h24v24H0z"
      fill="none"
    />
    <path
      d="M18.41 5.8L17.2 4.59c-.78-.78-2.05-.78-2.83 0l-2.68 2.68L3 15.96V20h4.04l8.74-8.74 2.63-2.63c.79-.78.79-2.05 0-2.83zM6.21 18H5v-1.21l8.66-8.66 1.21 1.21L6.21 18zM11 20l4-4h6v4H11z"
    />
  </svg>
</label>
`;
