// Jest Snapshot v1, https://goo.gl/fbAQLP

exports[`<Loading /> should to match snapchot 1`] = `
.c0 {
  position: absolute;
  width: 100%;
  height: 100%;
  background-color: rgba(0,0,0,0.6);
  display: -webkit-box;
  display: -webkit-flex;
  display: -ms-flexbox;
  display: flex;
  -webkit-box-pack: center;
  -webkit-justify-content: center;
  -ms-flex-pack: center;
  justify-content: center;
  -webkit-align-items: center;
  -webkit-box-align: center;
  -ms-flex-align: center;
  align-items: center;
}

.c1 {
  width: 8rem;
  height: 8rem;
  border: 0.8rem solid #827FD3;
  border-top: 0.8rem solid transparent;
  border-radius: 50%;
  display: -webkit-box;
  display: -webkit-flex;
  display: -ms-flexbox;
  display: flex;
  -webkit-box-pack: center;
  -webkit-justify-content: center;
  -ms-flex-pack: center;
  justify-content: center;
  -webkit-align-items: center;
  -webkit-box-align: center;
  -ms-flex-align: center;
  align-items: center;
  -webkit-animation: loading 1s ease-in-out infinite;
  animation: loading 1s ease-in-out infinite;
}

.c2 {
  width: 4rem;
  height: 4rem;
  border: 0.6rem solid #1AEB47;
  border-bottom: 0.6rem solid transparent;
  border-radius: 50%;
  -webkit-animation: loading 1.5s ease-in infinite;
  animation: loading 1.5s ease-in infinite;
}

<div
  class="c0"
>
  <div
    class="c1"
  >
    <div
      class="c2"
    />
  </div>
</div>
`;
